../Core/Src/main.c:71:6:Ultrasonido_Trigger	8	static
../Core/Src/main.c:80:6:Ultrasonido_Procesar	8	static
../Core/Src/main.c:94:5:main	8	static
../Core/Src/main.c:146:6:SystemClock_Config	88	static
../Core/Src/main.c:190:13:MX_ADC1_Init	24	static
../Core/Src/main.c:237:13:MX_TIM2_Init	32	static
../Core/Src/main.c:285:13:MX_TIM3_Init	48	static
../Core/Src/main.c:338:13:MX_GPIO_Init	32	static
../Core/Src/main.c:375:6:HAL_TIM_IC_CaptureCallback	16	static
../Core/Src/main.c:408:6:Error_Handler	4	static,ignoring_inline_asm
